<img src="http://example.com" data-bind="url"></img>
