<input type="text" data-bind="name" data-bind-placeholder="placeholder" 
   value="Frank" placeholder="Some dude"></input>