<img src="http://example.com" class="url extra"></img>
