<div class="row-fluid content">
  
  <div class="span4" role="complementary">
    <h2>Authors</h2>
    <div class="author">ABC</div><div class="author">DEF</div>
  </div>
    
</div>