<ul id="entries"><li class="entry"><div class="created">2001-01-01</div><div class="user"><div class="name">John Q. User</div><div class="city">Atlanta</div><div class="state">GA</div></div><div class="custid">10101</div></li><li class="entry"><div class="created">2002-02-02</div><div class="user"><div class="name">Jane Q. User</div><div class="city">Mobile</div><div class="state">AL</div></div><div class="custid">20202</div></li><li class="entry"><div class="created">2003-0303</div><div class="user"><div class="name">Professor X</div><div class="city">Menlo</div><div class="state">CA</div></div><div class="custid">30303</div></li></ul>