<div class="insert"><div class="trolling"></div></div>