<br><img class="logo" src="/some/image.png"><input name="first_name" value="Raul"/><input name="last_name" value="Julia" />