
<form>
  <fieldset>
    <input type="text">
    <textarea></textarea>
  </fieldset>
</form>
