<a data-bind-href="zero" data-bind="test" href="/sub-zero">Super link</a>
