<input type="hidden" name="method" value="DELETE" /><input type="hidden" name="id" value="7" />
