<span class="username">lord thingy</span>
<span class="login name">Tom Marvolo Riddle</span>
