<div class="insert"><div class="trolling">moo</div></div>