<table class="names"><tr><td class="first">John</td><td class="last">Smith</td></tr><tr><td class="first">Jane</td><td class="last">Doe</td></tr></table>
