<div class="insert"><strong>strong</strong> plates
</div>