<div>
  <div class="page-details">
    <div class="author">
      <div class="name">Maciej</div>
    </div>
  </div>
  <div class="page-details">
    <h1 class="title">Plates</h1>
  </div>
</div>
