<ul><li class="name"><span class="first">John</span>:<span class="middle">C</span><span class="last">Smith</span></li><li class="name"><span class="first">Jane</span>:<span class="middle">A</span><span class="last">Doe</span></li></ul>
