<div>
  <div id="include" data-ng-include="'path/to/partial'">Include</div>
  <div id="show" data-ng-show="svc.prop == 'val'">Show</div>
  <div data-ng-show="tabSvc.tab == 'locations'">Don't Touch Me</div>
</div>
