<div class="item" id="item-1" data-mung="face"></div>
<div class="item" id=""></div>
