<a class="replaced" data-bind="test">Super link</a>
