<table>
  <tr class="names">
    <td class="first">John</td>
    <td class="last">Smith</td>
  </tr><tr class="names">
    <td class="first">Jane</td>
    <td class="last">Doe</td>
  </tr>
</table>
