<a data-bind-href="zero" data-bind-class="test" class="oneclass" href="/sub-zero">link</a>
