<a id="someid1" class="name" href="/foo">Alpha</a>
<a id="someid2" onclick="name" href="/foo"></a>