<ul>
  <li class="zero">0</li>
  <li class="one">1</li>
  <li class="banana">bananaphone</li>
</ul>
