<b>Flatiron Components</b>
<br/>
<ul>
  <li class='components'>Union</li><li class='components'>Director</li><li class='components'>Broadway</li><li class='components'>Plates</li><li class='components'>Resourceful</li>
</ul>
