<div class="insert"><strong>strong</strong> plates
<strong>strong</strong> plates
<strong>strong</strong> plates
</div>
